// Jest Snapshot v1, https://goo.gl/fbAQLP

exports[`ArabicToRomanConverter should render correctly 1`] = `
<div
  className="converter"
>
  <Card>
    <Input
      fullWidth={true}
      onChange={[Function]}
      placeholder="42"
      type="number"
      value="42"
    />
    <div
      className="info"
    >
      <Text
        color="tertiary"
        size="small"
      >
        Roman notation:
      </Text>
      <Text
        color="tertiary"
        size="large"
      >
        42
      </Text>
    </div>
  </Card>
</div>
`;
